sorig@DESKTOP-F21SUVR MINGW64 ~
$ cd IH-Labs

sorig@DESKTOP-F21SUVR MINGW64 ~/IH-Labs
$ git clone https://github.com/sorigabit/lab-bash.git
Cloning into 'lab-bash'...
remote: Enumerating objects: 40, done.
remote: Total 40 (delta 0), reused 0 (delta 0), pack-reused 40
Receiving objects: 100% (40/40), 12.63 KiB | 6.31 MiB/s, done.
Resolving deltas: 100% (11/11), done.

sorig@DESKTOP-F21SUVR MINGW64 ~/IH-Labs
$ ls
lab-bash/

sorig@DESKTOP-F21SUVR MINGW64 ~/IH-Labs
$ cd lab-bash

sorig@DESKTOP-F21SUVR MINGW64 ~/IH-Labs/lab-bash (master)
$ ls
exercices/  inputs/  lorem/  lorem-copy/  outputs/  readme.md

sorig@DESKTOP-F21SUVR MINGW64 ~/IH-Labs/lab-bash (master)
$ echo "Hello World"
Hello World

sorig@DESKTOP-F21SUVR MINGW64 ~/IH-Labs/lab-bash (master)
$ mkdir new_dir

sorig@DESKTOP-F21SUVR MINGW64 ~/IH-Labs/lab-bash (master)
$ ls
exercices/  inputs/  lorem/  lorem-copy/  new_dir/  outputs/  readme.md

sorig@DESKTOP-F21SUVR MINGW64 ~/IH-Labs/lab-bash (master)
$ rm -r new_dir

sorig@DESKTOP-F21SUVR MINGW64 ~/IH-Labs/lab-bash (master)
$ ls
exercices/  inputs/  lorem/  lorem-copy/  outputs/  readme.md

sorig@DESKTOP-F21SUVR MINGW64 ~/IH-Labs/lab-bash (master)
$ cd lorem

sorig@DESKTOP-F21SUVR MINGW64 ~/IH-Labs/lab-bash/lorem (master)
$ cp sed.txt lorem-copy

sorig@DESKTOP-F21SUVR MINGW64 ~/IH-Labs/lab-bash/lorem (master)
$ ls
at.txt  at.txte  lorem-copy  lorem.txt  sed.txt

sorig@DESKTOP-F21SUVR MINGW64 ~/IH-Labs/lab-bash/lorem (master)
$ cp at.txt lorem-copy; cp lorem.txt lorem-copy

sorig@DESKTOP-F21SUVR MINGW64 ~/IH-Labs/lab-bash/lorem (master)
$ cat sed.txt
Sed ut perspiciatis unde omnis iste natus error sit voluptatem accusantium doloemque laudantium,
totam rem aperiam, eaque ipsa quae ab illo inventore veritatis et quasi architeto beatae vitae dicta sunt explicabo.
Nemo enim ipsam voluptatem quia voluptas sit aspernatur aut odit aut fugit,
sed quia consequuntur magni dolores eos qui ratione voluptatem sequi nesciunt.
Neque porro quisquam est, qui dolorem ipsum quia dolor sit amet, consectetur, aipisci velit,
sed quia non numquam eius modi tempora incidunt ut labore et dolore magnam aliqam quaerat voluptatem.
Ut enim ad minima veniam, quis nostrum exercitationem ullam corporis suscipit lboriosam,
nisi ut aliquid ex ea commodi consequatur? Quis autem vel eum iure reprehenderi qui in ea voluptate velit esse quam nihil molestiae consequatur,
vel illum qui dolorem eum fugiat quo voluptas nulla pariatur?Homo homini lupus

sorig@DESKTOP-F21SUVR MINGW64 ~/IH-Labs/lab-bash/lorem (master)
$ cat at.txt
At vero eos ET accusamus ET iusto odio dignissimos ducimus qui blanditiis praesntium voluptatum
deleniti atque corrupti quos dolores ET quas molestias excepturi sint occaecaticupiditate non
provident, similique sunt in culpa qui officia deserunt mollitia animi, id est aborum ET dolorum fuga.
Et harum quidem rerum facilis est ET expedita distinctio.
Nam libero tempore, cum soluta nobis est eligendi optio cumque nihil impedit qu minus id quod
maxime placeat facere possimus, omnis voluptas assumenda est, omnis dolor repelendus.
Temporibus autem quibusdam ET aut officiis debitis aut rerum necessitatibus saee eveniET
ut ET voluptates repudiandae sint ET molestiae non recusandae.
Itaque earum rerum hic tenETur a sapiente delectus, ut aut reiciendis voluptatius maiores
alias consequatur aut perferendis doloribus asperiores repellat

sorig@DESKTOP-F21SUVR MINGW64 ~/IH-Labs/lab-bash/lorem (master)
$ cat lorem.txt
Lorem ipsum dolor sit amet, consectetur adipiscing elit, sed do eiusmod tempor ncididunt ut labore et dolore magna aliqua.
Ut enim ad minim veniam, quis nostrud exercitation ullamco laboris nisi ut aliqip ex ea commodo consequat.
Duis aute irure dolor in reprehenderit in voluptate velit esse cillum dolore eufugiat nulla pariatur.
Excepteur sint occaecat cupidatat non proident, sunt in culpa qui officia desernt mollit anim id est laborum.
sorig@DESKTOP-F21SUVR MINGW64 ~/IH-Labs/lab-bash/lorem (master)
$ cd.
bash: cd.: command not found

sorig@DESKTOP-F21SUVR MINGW64 ~/IH-Labs/lab-bash/lorem (master)
$ cd..
bash: cd..: command not found

sorig@DESKTOP-F21SUVR MINGW64 ~/IH-Labs/lab-bash/lorem (master)
$ cd

sorig@DESKTOP-F21SUVR MINGW64 ~
$ cd IH-Labs/lorem-copy
bash: cd: IH-Labs/lorem-copy: No such file or directory

sorig@DESKTOP-F21SUVR MINGW64 ~
$ cd IH-Labs

sorig@DESKTOP-F21SUVR MINGW64 ~/IH-Labs
$ ls
lab-bash/

sorig@DESKTOP-F21SUVR MINGW64 ~/IH-Labs
$ cd lab-bash/lorem-copy

sorig@DESKTOP-F21SUVR MINGW64 ~/IH-Labs/lab-bash/lorem-copy (master)
$ ls
dummy_file.txt

sorig@DESKTOP-F21SUVR MINGW64 ~/IH-Labs/lab-bash/lorem-copy (master)
$ ^C

sorig@DESKTOP-F21SUVR MINGW64 ~/IH-Labs/lab-bash/lorem-copy (master)
$ cd

sorig@DESKTOP-F21SUVR MINGW64 ~
$ cd IH-Labs/lab-bash/lorem

sorig@DESKTOP-F21SUVR MINGW64 ~/IH-Labs/lab-bash/lorem (master)
$ ls
at.txt  at.txte  lorem-copy  lorem.txt  sed.txt

sorig@DESKTOP-F21SUVR MINGW64 ~/IH-Labs/lab-bash/lorem (master)
$ cp sed.txt lorem-copy

sorig@DESKTOP-F21SUVR MINGW64 ~/IH-Labs/lab-bash/lorem (master)
$ cd ..

sorig@DESKTOP-F21SUVR MINGW64 ~/IH-Labs/lab-bash (master)
$ ls
exercices/  inputs/  lorem/  lorem-copy/  outputs/  readme.md

sorig@DESKTOP-F21SUVR MINGW64 ~/IH-Labs/lab-bash (master)
$ cd lorem-copy

sorig@DESKTOP-F21SUVR MINGW64 ~/IH-Labs/lab-bash/lorem-copy (master)
$ ls
dummy_file.txt

sorig@DESKTOP-F21SUVR MINGW64 ~/IH-Labs/lab-bash/lorem-copy (master)
$ cd ..

sorig@DESKTOP-F21SUVR MINGW64 ~/IH-Labs/lab-bash (master)
$ cd lorem

sorig@DESKTOP-F21SUVR MINGW64 ~/IH-Labs/lab-bash/lorem (master)
$ ls
at.txt  at.txte  lorem-copy  lorem.txt  sed.txt

sorig@DESKTOP-F21SUVR MINGW64 ~/IH-Labs/lab-bash/lorem (master)
$ cp sed.txt ^C

sorig@DESKTOP-F21SUVR MINGW64 ~/IH-Labs/lab-bash/lorem (master)
$ cp sed.txt /lorem-copy
cp: cannot create regular file '/lorem-copy': Permission denied

sorig@DESKTOP-F21SUVR MINGW64 ~/IH-Labs/lab-bash/lorem (master)
$ cp sed.txt lab-bash/lorem-copy
cp: cannot create regular file 'lab-bash/lorem-copy': No such file or directory

sorig@DESKTOP-F21SUVR MINGW64 ~/IH-Labs/lab-bash/lorem (master)
$ cd ..

sorig@DESKTOP-F21SUVR MINGW64 ~/IH-Labs/lab-bash (master)
$ copy lorem/sed.txt lorem-copy
bash: copy: command not found

sorig@DESKTOP-F21SUVR MINGW64 ~/IH-Labs/lab-bash (master)
$ cp lorem/sed.txt lorem-copy

sorig@DESKTOP-F21SUVR MINGW64 ~/IH-Labs/lab-bash (master)
$ cd lorem-copy

sorig@DESKTOP-F21SUVR MINGW64 ~/IH-Labs/lab-bash/lorem-copy (master)
$ ls
dummy_file.txt  sed.txt

sorig@DESKTOP-F21SUVR MINGW64 ~/IH-Labs/lab-bash/lorem-copy (master)
$ cd ..

sorig@DESKTOP-F21SUVR MINGW64 ~/IH-Labs/lab-bash (master)
$ cp lorem/at.txt lorem-copy; cp lorem/lorem.txt lorem-copy

sorig@DESKTOP-F21SUVR MINGW64 ~/IH-Labs/lab-bash (master)
$ cd lorem-copy

sorig@DESKTOP-F21SUVR MINGW64 ~/IH-Labs/lab-bash/lorem-copy (master)
$ ls
at.txt  dummy_file.txt  lorem.txt  sed.txt

sorig@DESKTOP-F21SUVR MINGW64 ~/IH-Labs/lab-bash/lorem-copy (master)
$ head -3 sed.txt
Sed ut perspiciatis unde omnis iste natus error sit voluptatem accusantium doloremque laudantium,
totam rem aperiam, eaque ipsa quae ab illo inventore veritatis et quasi architecto beatae vitae dicta sunt explicabo.
Nemo enim ipsam voluptatem quia voluptas sit aspernatur aut odit aut fugit,

sorig@DESKTOP-F21SUVR MINGW64 ~/IH-Labs/lab-bash/lorem-copy (master)
$ tail -3 sed.txt
Ut enim ad minima veniam, quis nostrum exercitationem ullam corporis suscipit laboriosam,
nisi ut aliquid ex ea commodi consequatur? Quis autem vel eum iure reprehenderit qui in ea voluptate velit esse quam nihil molestiae consequatur,
vel illum qui dolorem eum fugiat quo voluptas nulla pariatur?Homo homini lupus

sorig@DESKTOP-F21SUVR MINGW64 ~/IH-Labs/lab-bash/lorem-copy (master)
$ echo Homo homini lupus. >> sed.txt

sorig@DESKTOP-F21SUVR MINGW64 ~/IH-Labs/lab-bash/lorem-copy (master)
$ tail -3 sed.txt
nisi ut aliquid ex ea commodi consequatur? Quis autem vel eum iure reprehenderit qui in ea voluptate velit esse quam nihil molestiae consequatur,
vel illum qui dolorem eum fugiat quo voluptas nulla pariatur?Homo homini lupus
Homo homini lupus.

sorig@DESKTOP-F21SUVR MINGW64 ~/IH-Labs/lab-bash/lorem-copy (master)
$ cd ..

sorig@DESKTOP-F21SUVR MINGW64 ~/IH-Labs/lab-bash (master)
$ cd lorem

sorig@DESKTOP-F21SUVR MINGW64 ~/IH-Labs/lab-bash/lorem (master)
$ ls
at.txt  at.txte  lorem-copy  lorem.txt  sed.txt

sorig@DESKTOP-F21SUVR MINGW64 ~/IH-Labs/lab-bash/lorem (master)
$ sed -i 's/et/ET/g' at.txt

sorig@DESKTOP-F21SUVR MINGW64 ~/IH-Labs/lab-bash/lorem (master)
$ cat at.txt
At vero eos ET accusamus ET iusto odio dignissimos ducimus qui blanditiis praesentium voluptatum
deleniti atque corrupti quos dolores ET quas molestias excepturi sint occaecati cupiditate non
provident, similique sunt in culpa qui officia deserunt mollitia animi, id est laborum ET dolorum fuga.
Et harum quidem rerum facilis est ET expedita distinctio.
Nam libero tempore, cum soluta nobis est eligendi optio cumque nihil impedit quo minus id quod
maxime placeat facere possimus, omnis voluptas assumenda est, omnis dolor repellendus.
Temporibus autem quibusdam ET aut officiis debitis aut rerum necessitatibus saepe eveniET
ut ET voluptates repudiandae sint ET molestiae non recusandae.
Itaque earum rerum hic tenETur a sapiente delectus, ut aut reiciendis voluptatibus maiores
alias consequatur aut perferendis doloribus asperiores repellat

sorig@DESKTOP-F21SUVR MINGW64 ~/IH-Labs/lab-bash/lorem (master)
$ whoami
sorig

sorig@DESKTOP-F21SUVR MINGW64 ~/IH-Labs/lab-bash/lorem (master)
$ pwd
/c/Users/sorig/IH-Labs/lab-bash/lorem

sorig@DESKTOP-F21SUVR MINGW64 ~/IH-Labs/lab-bash/lorem (master)
$ ls *.txt
at.txt  lorem.txt  sed.txt

sorig@DESKTOP-F21SUVR MINGW64 ~/IH-Labs/lab-bash/lorem (master)
$ wc -l sed.txt
9 sed.txt

sorig@DESKTOP-F21SUVR MINGW64 ~/IH-Labs/lab-bash/lorem (master)
$ cd..
bash: cd..: command not found

sorig@DESKTOP-F21SUVR MINGW64 ~/IH-Labs/lab-bash/lorem (master)
$ cd

sorig@DESKTOP-F21SUVR MINGW64 ~
$ cd IH-Labs

sorig@DESKTOP-F21SUVR MINGW64 ~/IH-Labs
$ ls lorem* | wc -l
ls: cannot access 'lorem*': No such file or directory
0

sorig@DESKTOP-F21SUVR MINGW64 ~/IH-Labs
$ cd

sorig@DESKTOP-F21SUVR MINGW64 ~
$ ls lorem* | wc -l
ls: cannot access 'lorem*': No such file or directory
0

sorig@DESKTOP-F21SUVR MINGW64 ~
$ ls lorem | wc -l
ls: cannot access 'lorem': No such file or directory
0

sorig@DESKTOP-F21SUVR MINGW64 ~
$ find IH-Labs/ -type f -name "lorem*" | wc -l
3

sorig@DESKTOP-F21SUVR MINGW64 ~
$ git add .
fatal: not a git repository (or any of the parent directories): .git

sorig@DESKTOP-F21SUVR MINGW64 ~
$ cd IH-Labs

sorig@DESKTOP-F21SUVR MINGW64 ~/IH-Labs
$ git add .
fatal: not a git repository (or any of the parent directories): .git

sorig@DESKTOP-F21SUVR MINGW64 ~/IH-Labs
$ ^C

sorig@DESKTOP-F21SUVR MINGW64 ~/IH-Labs
$ cd lab-bash

sorig@DESKTOP-F21SUVR MINGW64 ~/IH-Labs/lab-bash (master)
$ git add .
warning: in the working copy of 'lorem/at.txt', LF will be replaced by CRLF the next time Git touches it
warning: in the working copy of 'lorem-copy/sed.txt', LF will be replaced by CRLF the next time Git touches it

sorig@DESKTOP-F21SUVR MINGW64 ~/IH-Labs/lab-bash (master)
$ git commit -m "Day1Lab1 Done"
[master a43b2c4] Day1Lab1 Done
 4 files changed, 33 insertions(+)
 create mode 100644 lorem-copy/at.txt
 create mode 100644 lorem-copy/lorem.txt
 create mode 100644 lorem-copy/sed.txt
 create mode 100644 lorem/lorem-copy

sorig@DESKTOP-F21SUVR MINGW64 ~/IH-Labs/lab-bash (master)
$ git push
Enumerating objects: 8, done.
Counting objects: 100% (8/8), done.
Delta compression using up to 4 threads
Compressing objects: 100% (5/5), done.
Writing objects: 100% (5/5), 1.01 KiB | 1.01 MiB/s, done.
Total 5 (delta 2), reused 0 (delta 0), pack-reused 0
remote: Resolving deltas: 100% (2/2), completed with 2 local objects.
To https://github.com/sorigabit/lab-bash.git
   689f07d..a43b2c4  master -> master

sorig@DESKTOP-F21SUVR MINGW64 ~/IH-Labs/lab-bash (master)
$
